// Jest Snapshot v1, https://goo.gl/fbAQLP

exports[`testing suite testing unit Date 1`] = `"datelabel"`;
